2024-07-03 21:53:32 [    INFO] This user already exist, so please login with this user crediantials
2024-07-03 21:53:36 [    INFO] User is logged in with upswing_user_01 username
2024-07-03 21:53:51 [    INFO] Selected product - Sony vaio i7 is successfully added to the cart
2024-07-03 21:53:56 [    INFO] Closed the driver session.
